[CB_EVENT] 2026-04-02 06:50:29.158 | Storage | Closed -> Closed | failures: 0
[CB_EVENT] 2026-04-02 06:50:29.161 | Network | Closed -> Closed | failures: 0
[CB_EVENT] 2026-04-02 06:50:29.165 | Storage | Closed -> Closed | failures: 0
[CB_EVENT] 2026-04-02 06:50:29.167 | Network | Closed -> Closed | failures: 0
[CB_EVENT] 2026-04-02 06:50:29.173 | Storage | Closed -> Closed | failures: 0
[CB_EVENT] 2026-04-02 06:50:29.175 | Network | Closed -> Closed | failures: 0
[CB_EVENT] 2026-04-02 06:50:29.201 | Network | Closed -> Open | failures: 3
[CB_EVENT] 2026-04-02 06:50:34.995 | Storage | Closed -> Closed | failures: 0
[CB_EVENT] 2026-04-02 06:50:34.998 | Network | Closed -> Closed | failures: 0
[CB_EVENT] 2026-04-02 06:50:35.002 | Storage | Closed -> Closed | failures: 0
[CB_EVENT] 2026-04-02 06:50:35.005 | Network | Closed -> Closed | failures: 0
[CB_EVENT] 2026-04-02 06:50:35.009 | Storage | Closed -> Closed | failures: 0
[CB_EVENT] 2026-04-02 06:50:35.012 | Network | Closed -> Closed | failures: 0
[CB_EVENT] 2026-04-02 06:50:35.017 | Storage | Closed -> Closed | failures: 0
[CB_EVENT] 2026-04-02 06:50:35.019 | Network | Closed -> Closed | failures: 0
[CB_EVENT] 2026-04-02 06:50:35.230 | Storage | Closed -> Open | failures: 3
[CB_EVENT] 2026-04-02 06:50:41.547 | Storage | Closed -> Closed | failures: 0
[CB_EVENT] 2026-04-02 06:50:41.550 | Network | Closed -> Closed | failures: 0
[CB_EVENT] 2026-04-02 06:50:41.553 | Storage | Closed -> Closed | failures: 0
[CB_EVENT] 2026-04-02 06:50:41.556 | Network | Closed -> Closed | failures: 0
[CB_EVENT] 2026-04-02 06:50:52.191 | Storage | Closed -> Closed | failures: 0
[CB_EVENT] 2026-04-02 06:50:52.195 | Network | Closed -> Closed | failures: 0
[CB_EVENT] 2026-04-02 06:50:52.198 | Storage | Closed -> Closed | failures: 0
[CB_EVENT] 2026-04-02 06:50:52.200 | Network | Closed -> Closed | failures: 0
[CB_EVENT] 2026-04-02 06:50:52.410 | Storage | Closed -> Open | failures: 3
[CB_EVENT] 2026-04-02 06:50:57.926 | Storage | Open -> Half-Open | failures: 0
[CB_EVENT] 2026-04-02 06:50:57.928 | Storage | Half-Open -> Closed | failures: 0
[CB_EVENT] 2026-04-02 06:50:57.946 | Network | Closed -> Open | failures: 3
[CB_EVENT] 2026-04-02 06:51:04.150 | Storage | Closed -> Closed | failures: 0
[CB_EVENT] 2026-04-02 06:51:04.153 | Network | Closed -> Closed | failures: 0
[CB_EVENT] 2026-04-02 06:51:04.157 | Storage | Closed -> Closed | failures: 0
[CB_EVENT] 2026-04-02 06:51:04.159 | Network | Closed -> Closed | failures: 0
[CB_EVENT] 2026-04-02 06:51:04.187 | Network | Closed -> Open | failures: 3
[CB_EVENT] 2026-04-02 06:51:09.971 | Storage | Closed -> Closed | failures: 0
[CB_EVENT] 2026-04-02 06:51:09.974 | Network | Closed -> Closed | failures: 0
[CB_EVENT] 2026-04-02 06:51:09.978 | Storage | Closed -> Closed | failures: 0
[CB_EVENT] 2026-04-02 06:51:09.980 | Network | Closed -> Closed | failures: 0
[CB_EVENT] 2026-04-02 06:51:10.005 | Network | Closed -> Open | failures: 3
[CB_EVENT] 2026-04-02 06:51:15.806 | Storage | Closed -> Closed | failures: 0
[CB_EVENT] 2026-04-02 06:51:15.809 | Network | Closed -> Closed | failures: 0
[CB_EVENT] 2026-04-02 06:51:15.812 | Storage | Closed -> Closed | failures: 0
[CB_EVENT] 2026-04-02 06:51:15.814 | Network | Closed -> Closed | failures: 0
[CB_EVENT] 2026-04-02 06:51:15.839 | Network | Closed -> Open | failures: 3
[CB_EVENT] 2026-04-02 06:51:21.624 | Storage | Closed -> Closed | failures: 0
[CB_EVENT] 2026-04-02 06:51:21.627 | Network | Closed -> Closed | failures: 0
[CB_EVENT] 2026-04-02 06:51:21.630 | Storage | Closed -> Closed | failures: 0
[CB_EVENT] 2026-04-02 06:51:21.632 | Network | Closed -> Closed | failures: 0
[CB_EVENT] 2026-04-02 06:51:21.705 | Network | Closed -> Open | failures: 3
[CB_EVENT] 2026-04-02 06:51:27.507 | Storage | Closed -> Closed | failures: 0
[CB_EVENT] 2026-04-02 06:51:27.510 | Network | Closed -> Closed | failures: 0
[CB_EVENT] 2026-04-02 06:51:27.515 | Storage | Closed -> Closed | failures: 0
[CB_EVENT] 2026-04-02 06:51:27.517 | Network | Closed -> Closed | failures: 0
[CB_EVENT] 2026-04-02 06:51:34.318 | Storage | Closed -> Closed | failures: 0
[CB_EVENT] 2026-04-02 06:51:34.320 | Network | Closed -> Closed | failures: 0
[CB_EVENT] 2026-04-02 06:51:34.324 | Storage | Closed -> Closed | failures: 0
[CB_EVENT] 2026-04-02 06:51:34.326 | Network | Closed -> Closed | failures: 0
[CB_EVENT] 2026-04-02 06:51:34.359 | Network | Closed -> Open | failures: 3
[CB_EVENT] 2026-04-02 06:51:41.149 | Storage | Closed -> Closed | failures: 0
[CB_EVENT] 2026-04-02 06:51:41.151 | Network | Closed -> Closed | failures: 0
[CB_EVENT] 2026-04-02 06:51:41.154 | Storage | Closed -> Closed | failures: 0
[CB_EVENT] 2026-04-02 06:51:41.157 | Network | Closed -> Closed | failures: 0
[CB_EVENT] 2026-04-02 06:51:47.952 | Storage | Closed -> Closed | failures: 0
[CB_EVENT] 2026-04-02 06:51:47.955 | Network | Closed -> Closed | failures: 0
[CB_EVENT] 2026-04-02 06:51:47.959 | Storage | Closed -> Closed | failures: 0
[CB_EVENT] 2026-04-02 06:51:47.962 | Network | Closed -> Closed | failures: 0
[CB_EVENT] 2026-04-02 06:51:47.989 | Network | Closed -> Open | failures: 3
[CB_EVENT] 2026-04-02 06:51:53.455 | Network | Open -> Half-Open | failures: 0
[CB_EVENT] 2026-04-02 06:51:53.470 | Network | Half-Open -> Open | failures: 1
[CB_EVENT] 2026-04-02 06:52:01.455 | Network | Open -> Half-Open | failures: 0
[CB_EVENT] 2026-04-02 06:52:01.468 | Network | Half-Open -> Open | failures: 1
[CB_EVENT] 2026-04-02 06:52:08.322 | Storage | Closed -> Closed | failures: 0
[CB_EVENT] 2026-04-02 06:52:08.324 | Network | Closed -> Closed | failures: 0
[CB_EVENT] 2026-04-02 06:52:08.327 | Storage | Closed -> Closed | failures: 0
[CB_EVENT] 2026-04-02 06:52:08.329 | Network | Closed -> Closed | failures: 0
